
   WARN  Metadata found in doc-comment for method Tests\Feature\LoanTest::admin_can_create_loan_with_approved_status(). Metadata in doc-comments is deprecated and will no longer be supported in PHPUnit 12. Update your test code to use attributes instead.

   WARN  Metadata found in doc-comment for method Tests\Feature\LoanTest::member_can_apply_for_loan_with_pending_status(). Metadata in doc-comments is deprecated and will no longer be supported in PHPUnit 12. Update your test code to use attributes instead.

   WARN  Metadata found in doc-comment for method Tests\Feature\LoanTest::loan_limit_is_three_times_members_savings(). Metadata in doc-comments is deprecated and will no longer be supported in PHPUnit 12. Update your test code to use attributes instead.

   WARN  Metadata found in doc-comment for method Tests\Feature\LoanTest::member_cannot_exceed_loan_limit(). Metadata in doc-comments is deprecated and will no longer be supported in PHPUnit 12. Update your test code to use attributes instead.

   WARN  Metadata found in doc-comment for method Tests\Feature\LoanTest::scopeActive_returns_only_approved_loans(). Metadata in doc-comments is deprecated and will no longer be supported in PHPUnit 12. Update your test code to use attributes instead.

   WARN  Metadata found in doc-comment for method Tests\Feature\LoanTest::monthly_interest_calculation_is_correct(). Metadata in doc-comments is deprecated and will no longer be supported in PHPUnit 12. Update your test code to use attributes instead.

   WARN  Metadata found in doc-comment for method Tests\Feature\LoanTest::monthly_interest_updates_as_balance_decreases(). Metadata in doc-comments is deprecated and will no longer be supported in PHPUnit 12. Update your test code to use attributes instead.

   WARN  Metadata found in doc-comment for method Tests\Feature\LoanTest::loan_has_correct_enum_status_values(). Metadata in doc-comments is deprecated and will no longer be supported in PHPUnit 12. Update your test code to use attributes instead.

   WARN  Metadata found in doc-comment for method Tests\Feature\LoanTest::paid_loan_has_zero_balance(). Metadata in doc-comments is deprecated and will no longer be supported in PHPUnit 12. Update your test code to use attributes instead.

   WARN  Metadata found in doc-comment for method Tests\Feature\LoanTest::loan_belongs_to_member(). Metadata in doc-comments is deprecated and will no longer be supported in PHPUnit 12. Update your test code to use attributes instead.
PHPUnit 11.5.43 by Sebastian Bergmann and contributors.

Runtime:       PHP 8.3.27
Configuration: C:\Users\Administrator\Documents\Iansoft\myapp2\phpunit.xml


   FAIL  Tests\Feature\LoanTest
  Γ¿» admin can create loan with approved status                                                                                0.52s  
  Γ¿» member can apply for loan with pending status                                                                             0.02s  
  Γ¿» loan limit is three times members savings                                                                                 0.03s  
  Γ¿» member cannot exceed loan limit                                                                                           0.03s  
  Γ¿» scope active returns only approved loans                                                                                  0.02s  
  Γ¿» monthly interest calculation is correct                                                                                   0.03s  
  Γ¿» monthly interest updates as balance decreases                                                                             0.03s  
  Γ¿» loan has correct enum status values                                                                                       0.02s  
  Γ¿» paid loan has zero balance                                                                                                0.02s  
  Γ¿» loan belongs to member                                                                                                    0.02s  
  ΓöÇΓöÇΓöÇΓöÇΓöÇΓöÇΓöÇΓöÇΓöÇΓöÇΓöÇΓöÇΓöÇΓöÇΓöÇΓöÇΓöÇΓöÇΓöÇΓöÇΓöÇΓöÇΓöÇΓöÇΓöÇΓöÇΓöÇΓöÇΓöÇΓöÇΓöÇΓöÇΓöÇΓöÇΓöÇΓöÇΓöÇΓöÇΓöÇΓöÇΓöÇΓöÇΓöÇΓöÇΓöÇΓöÇΓöÇΓöÇΓöÇΓöÇΓöÇΓöÇΓöÇΓöÇΓöÇΓöÇΓöÇΓöÇΓöÇΓöÇΓöÇΓöÇΓöÇΓöÇΓöÇΓöÇΓöÇΓöÇΓöÇΓöÇΓöÇΓöÇΓöÇΓöÇΓöÇΓöÇΓöÇΓöÇΓöÇΓöÇΓöÇΓöÇΓöÇΓöÇΓöÇΓöÇΓöÇΓöÇΓöÇΓöÇΓöÇΓöÇΓöÇΓöÇΓöÇΓöÇΓöÇΓöÇΓöÇΓöÇΓöÇΓöÇΓöÇΓöÇΓöÇΓöÇΓöÇΓöÇΓöÇΓöÇΓöÇΓöÇΓöÇΓöÇΓöÇΓöÇΓöÇΓöÇΓöÇΓöÇΓöÇΓöÇΓöÇΓöÇΓöÇΓöÇΓöÇΓöÇΓöÇ  
   FAILED  Tests\Feature\LoanTest > admin can create loan with approved status                                      QueryException   
  SQLSTATE[23000]: Integrity constraint violation: 19 NOT NULL constraint failed: members.password (Connection: sqlite, SQL: insert into "members" ("name", "email", "phone", "id_number", "date_of_birth", "address", "membership_date", "status", "updated_at", "created_at") values (Nicholaus Kerluke, dhane@example.net, +1-828-781-8717, 86352050, 1982-04-22, 48117 Vince Stream Suite 442
Lake Violaport, NM 52045-9130, 1989-04-03, inactive, 2025-12-04 09:33:33, 2025-12-04 09:33:33))

  at vendor\laravel\framework\src\Illuminate\Database\Connection.php:824
    820Γûò                     $this->getName(), $query, $this->prepareBindings($bindings), $e
    821Γûò                 );
    822Γûò             }
    823Γûò 
  Γ₧£ 824Γûò             throw new QueryException(
    825Γûò                 $this->getName(), $query, $this->prepareBindings($bindings), $e
    826Γûò             );
    827Γûò         }
    828Γûò     }

  1   vendor\laravel\framework\src\Illuminate\Database\Connection.php:824

  2   vendor\laravel\framework\src\Illuminate\Database\Connection.php:570
      NunoMaduro\Collision\Exceptions\TestException::("SQLSTATE[23000]: Integrity constraint violation: 19 NOT NULL constraint failed: members.password")

  ΓöÇΓöÇΓöÇΓöÇΓöÇΓöÇΓöÇΓöÇΓöÇΓöÇΓöÇΓöÇΓöÇΓöÇΓöÇΓöÇΓöÇΓöÇΓöÇΓöÇΓöÇΓöÇΓöÇΓöÇΓöÇΓöÇΓöÇΓöÇΓöÇΓöÇΓöÇΓöÇΓöÇΓöÇΓöÇΓöÇΓöÇΓöÇΓöÇΓöÇΓöÇΓöÇΓöÇΓöÇΓöÇΓöÇΓöÇΓöÇΓöÇΓöÇΓöÇΓöÇΓöÇΓöÇΓöÇΓöÇΓöÇΓöÇΓöÇΓöÇΓöÇΓöÇΓöÇΓöÇΓöÇΓöÇΓöÇΓöÇΓöÇΓöÇΓöÇΓöÇΓöÇΓöÇΓöÇΓöÇΓöÇΓöÇΓöÇΓöÇΓöÇΓöÇΓöÇΓöÇΓöÇΓöÇΓöÇΓöÇΓöÇΓöÇΓöÇΓöÇΓöÇΓöÇΓöÇΓöÇΓöÇΓöÇΓöÇΓöÇΓöÇΓöÇΓöÇΓöÇΓöÇΓöÇΓöÇΓöÇΓöÇΓöÇΓöÇΓöÇΓöÇΓöÇΓöÇΓöÇΓöÇΓöÇΓöÇΓöÇΓöÇΓöÇΓöÇΓöÇΓöÇΓöÇΓöÇΓöÇΓöÇ  
   FAILED  Tests\Feature\LoanTest > member can apply for loan with pending status                                   QueryException   
  SQLSTATE[HY000]: General error: 1 table members has no column named savings (Connection: sqlite, SQL: insert into "members" ("name", "email", "phone", "id_number", "date_of_birth", "address", "membership_date", "status", "savings", "updated_at", "created_at") values (Zoila White, yadira.berge@example.com, 228-377-6079, 57159006, 1994-10-10, 7250 Desiree Wells Apt. 026
Lake Rodger, NC 76417, 1993-08-14, active, 20000, 2025-12-04 09:33:33, 2025-12-04 09:33:33))

  at vendor\laravel\framework\src\Illuminate\Database\Connection.php:824
    820Γûò                     $this->getName(), $query, $this->prepareBindings($bindings), $e
    821Γûò                 );
    822Γûò             }
    823Γûò 
  Γ₧£ 824Γûò             throw new QueryException(
    825Γûò                 $this->getName(), $query, $this->prepareBindings($bindings), $e
    826Γûò             );
    827Γûò         }
    828Γûò     }

  1   vendor\laravel\framework\src\Illuminate\Database\Connection.php:824

  2   vendor\laravel\framework\src\Illuminate\Database\Connection.php:564
      NunoMaduro\Collision\Exceptions\TestException::("SQLSTATE[HY000]: General error: 1 table members has no column named savings")

  ΓöÇΓöÇΓöÇΓöÇΓöÇΓöÇΓöÇΓöÇΓöÇΓöÇΓöÇΓöÇΓöÇΓöÇΓöÇΓöÇΓöÇΓöÇΓöÇΓöÇΓöÇΓöÇΓöÇΓöÇΓöÇΓöÇΓöÇΓöÇΓöÇΓöÇΓöÇΓöÇΓöÇΓöÇΓöÇΓöÇΓöÇΓöÇΓöÇΓöÇΓöÇΓöÇΓöÇΓöÇΓöÇΓöÇΓöÇΓöÇΓöÇΓöÇΓöÇΓöÇΓöÇΓöÇΓöÇΓöÇΓöÇΓöÇΓöÇΓöÇΓöÇΓöÇΓöÇΓöÇΓöÇΓöÇΓöÇΓöÇΓöÇΓöÇΓöÇΓöÇΓöÇΓöÇΓöÇΓöÇΓöÇΓöÇΓöÇΓöÇΓöÇΓöÇΓöÇΓöÇΓöÇΓöÇΓöÇΓöÇΓöÇΓöÇΓöÇΓöÇΓöÇΓöÇΓöÇΓöÇΓöÇΓöÇΓöÇΓöÇΓöÇΓöÇΓöÇΓöÇΓöÇΓöÇΓöÇΓöÇΓöÇΓöÇΓöÇΓöÇΓöÇΓöÇΓöÇΓöÇΓöÇΓöÇΓöÇΓöÇΓöÇΓöÇΓöÇΓöÇΓöÇΓöÇΓöÇΓöÇΓöÇ  
   FAILED  Tests\Feature\LoanTest > loan limit is three times members savings                                       QueryException   
  SQLSTATE[HY000]: General error: 1 table members has no column named savings (Connection: sqlite, SQL: insert into "members" ("name", "email", "phone", "id_number", "date_of_birth", "address", "membership_date", "status", "savings", "updated_at", "created_at") values (Dr. Hipolito Buckridge Jr., jarrod41@example.net, +1-979-999-9152, 24805593, 1977-12-17, 19328 Kshlerin Way
West Nicole, MO 65141, 2018-09-06, inactive, 10000, 2025-12-04 09:33:33, 2025-12-04 09:33:33))

  at vendor\laravel\framework\src\Illuminate\Database\Connection.php:824
    820Γûò                     $this->getName(), $query, $this->prepareBindings($bindings), $e
    821Γûò                 );
    822Γûò             }
    823Γûò 
  Γ₧£ 824Γûò             throw new QueryException(
    825Γûò                 $this->getName(), $query, $this->prepareBindings($bindings), $e
    826Γûò             );
    827Γûò         }
    828Γûò     }

  1   vendor\laravel\framework\src\Illuminate\Database\Connection.php:824

  2   vendor\laravel\framework\src\Illuminate\Database\Connection.php:564
      NunoMaduro\Collision\Exceptions\TestException::("SQLSTATE[HY000]: General error: 1 table members has no column named savings")

  ΓöÇΓöÇΓöÇΓöÇΓöÇΓöÇΓöÇΓöÇΓöÇΓöÇΓöÇΓöÇΓöÇΓöÇΓöÇΓöÇΓöÇΓöÇΓöÇΓöÇΓöÇΓöÇΓöÇΓöÇΓöÇΓöÇΓöÇΓöÇΓöÇΓöÇΓöÇΓöÇΓöÇΓöÇΓöÇΓöÇΓöÇΓöÇΓöÇΓöÇΓöÇΓöÇΓöÇΓöÇΓöÇΓöÇΓöÇΓöÇΓöÇΓöÇΓöÇΓöÇΓöÇΓöÇΓöÇΓöÇΓöÇΓöÇΓöÇΓöÇΓöÇΓöÇΓöÇΓöÇΓöÇΓöÇΓöÇΓöÇΓöÇΓöÇΓöÇΓöÇΓöÇΓöÇΓöÇΓöÇΓöÇΓöÇΓöÇΓöÇΓöÇΓöÇΓöÇΓöÇΓöÇΓöÇΓöÇΓöÇΓöÇΓöÇΓöÇΓöÇΓöÇΓöÇΓöÇΓöÇΓöÇΓöÇΓöÇΓöÇΓöÇΓöÇΓöÇΓöÇΓöÇΓöÇΓöÇΓöÇΓöÇΓöÇΓöÇΓöÇΓöÇΓöÇΓöÇΓöÇΓöÇΓöÇΓöÇΓöÇΓöÇΓöÇΓöÇΓöÇΓöÇΓöÇΓöÇΓöÇΓöÇ  
   FAILED  Tests\Feature\LoanTest > member cannot exceed loan limit                                                 QueryException   
  SQLSTATE[HY000]: General error: 1 table members has no column named savings (Connection: sqlite, SQL: insert into "members" ("name", "email", "phone", "id_number", "date_of_birth", "address", "membership_date", "status", "savings", "updated_at", "created_at") values (Maia Reichel, wilson.yundt@example.com, (551) 470-6673, 60307631, 1994-03-18, 441 Pacocha Trail
Carolbury, NE 85988, 1978-06-09, active, 10000, 2025-12-04 09:33:33, 2025-12-04 09:33:33))

  at vendor\laravel\framework\src\Illuminate\Database\Connection.php:824
    820Γûò                     $this->getName(), $query, $this->prepareBindings($bindings), $e
    821Γûò                 );
    822Γûò             }
    823Γûò 
  Γ₧£ 824Γûò             throw new QueryException(
    825Γûò                 $this->getName(), $query, $this->prepareBindings($bindings), $e
    826Γûò             );
    827Γûò         }
    828Γûò     }

  1   vendor\laravel\framework\src\Illuminate\Database\Connection.php:824

  2   vendor\laravel\framework\src\Illuminate\Database\Connection.php:564
      NunoMaduro\Collision\Exceptions\TestException::("SQLSTATE[HY000]: General error: 1 table members has no column named savings")

  ΓöÇΓöÇΓöÇΓöÇΓöÇΓöÇΓöÇΓöÇΓöÇΓöÇΓöÇΓöÇΓöÇΓöÇΓöÇΓöÇΓöÇΓöÇΓöÇΓöÇΓöÇΓöÇΓöÇΓöÇΓöÇΓöÇΓöÇΓöÇΓöÇΓöÇΓöÇΓöÇΓöÇΓöÇΓöÇΓöÇΓöÇΓöÇΓöÇΓöÇΓöÇΓöÇΓöÇΓöÇΓöÇΓöÇΓöÇΓöÇΓöÇΓöÇΓöÇΓöÇΓöÇΓöÇΓöÇΓöÇΓöÇΓöÇΓöÇΓöÇΓöÇΓöÇΓöÇΓöÇΓöÇΓöÇΓöÇΓöÇΓöÇΓöÇΓöÇΓöÇΓöÇΓöÇΓöÇΓöÇΓöÇΓöÇΓöÇΓöÇΓöÇΓöÇΓöÇΓöÇΓöÇΓöÇΓöÇΓöÇΓöÇΓöÇΓöÇΓöÇΓöÇΓöÇΓöÇΓöÇΓöÇΓöÇΓöÇΓöÇΓöÇΓöÇΓöÇΓöÇΓöÇΓöÇΓöÇΓöÇΓöÇΓöÇΓöÇΓöÇΓöÇΓöÇΓöÇΓöÇΓöÇΓöÇΓöÇΓöÇΓöÇΓöÇΓöÇΓöÇΓöÇΓöÇΓöÇΓöÇΓöÇ  
   FAILED  Tests\Feature\LoanTest > scope active returns only approved loans                                        QueryException   
  SQLSTATE[23000]: Integrity constraint violation: 19 NOT NULL constraint failed: members.password (Connection: sqlite, SQL: insert into "members" ("name", "email", "phone", "id_number", "date_of_birth", "address", "membership_date", "status", "updated_at", "created_at") values (Miss Kamille Kohler DDS, kklein@example.com, 727-659-4988, 48510971, 1971-03-14, 5833 Abraham Canyon
Hermannbury, MT 21355, 2011-09-23, inactive, 2025-12-04 09:33:33, 2025-12-04 09:33:33))

  at vendor\laravel\framework\src\Illuminate\Database\Connection.php:824
    820Γûò                     $this->getName(), $query, $this->prepareBindings($bindings), $e
    821Γûò                 );
    822Γûò             }
    823Γûò 
  Γ₧£ 824Γûò             throw new QueryException(
    825Γûò                 $this->getName(), $query, $this->prepareBindings($bindings), $e
    826Γûò             );
    827Γûò         }
    828Γûò     }

  1   vendor\laravel\framework\src\Illuminate\Database\Connection.php:824

  2   vendor\laravel\framework\src\Illuminate\Database\Connection.php:570
      NunoMaduro\Collision\Exceptions\TestException::("SQLSTATE[23000]: Integrity constraint violation: 19 NOT NULL constraint failed: members.password")

  ΓöÇΓöÇΓöÇΓöÇΓöÇΓöÇΓöÇΓöÇΓöÇΓöÇΓöÇΓöÇΓöÇΓöÇΓöÇΓöÇΓöÇΓöÇΓöÇΓöÇΓöÇΓöÇΓöÇΓöÇΓöÇΓöÇΓöÇΓöÇΓöÇΓöÇΓöÇΓöÇΓöÇΓöÇΓöÇΓöÇΓöÇΓöÇΓöÇΓöÇΓöÇΓöÇΓöÇΓöÇΓöÇΓöÇΓöÇΓöÇΓöÇΓöÇΓöÇΓöÇΓöÇΓöÇΓöÇΓöÇΓöÇΓöÇΓöÇΓöÇΓöÇΓöÇΓöÇΓöÇΓöÇΓöÇΓöÇΓöÇΓöÇΓöÇΓöÇΓöÇΓöÇΓöÇΓöÇΓöÇΓöÇΓöÇΓöÇΓöÇΓöÇΓöÇΓöÇΓöÇΓöÇΓöÇΓöÇΓöÇΓöÇΓöÇΓöÇΓöÇΓöÇΓöÇΓöÇΓöÇΓöÇΓöÇΓöÇΓöÇΓöÇΓöÇΓöÇΓöÇΓöÇΓöÇΓöÇΓöÇΓöÇΓöÇΓöÇΓöÇΓöÇΓöÇΓöÇΓöÇΓöÇΓöÇΓöÇΓöÇΓöÇΓöÇΓöÇΓöÇΓöÇΓöÇΓöÇΓöÇΓöÇ  
   FAILED  Tests\Feature\LoanTest > monthly interest calculation is correct                                         QueryException   
  SQLSTATE[23000]: Integrity constraint violation: 19 NOT NULL constraint failed: members.password (Connection: sqlite, SQL: insert into "members" ("name", "email", "phone", "id_number", "date_of_birth", "address", "membership_date", "status", "updated_at", "created_at") values (Nick Miller, grayson.turcotte@example.com, 606-779-1359, 27366581, 1995-02-04, 4899 Arvilla Pike
Dellland, KY 77516, 1978-03-25, active, 2025-12-04 09:33:33, 2025-12-04 09:33:33))

  at vendor\laravel\framework\src\Illuminate\Database\Connection.php:824
    820Γûò                     $this->getName(), $query, $this->prepareBindings($bindings), $e
    821Γûò                 );
    822Γûò             }
    823Γûò 
  Γ₧£ 824Γûò             throw new QueryException(
    825Γûò                 $this->getName(), $query, $this->prepareBindings($bindings), $e
    826Γûò             );
    827Γûò         }
    828Γûò     }

  1   vendor\laravel\framework\src\Illuminate\Database\Connection.php:824

  2   vendor\laravel\framework\src\Illuminate\Database\Connection.php:570
      NunoMaduro\Collision\Exceptions\TestException::("SQLSTATE[23000]: Integrity constraint violation: 19 NOT NULL constraint failed: members.password")

  ΓöÇΓöÇΓöÇΓöÇΓöÇΓöÇΓöÇΓöÇΓöÇΓöÇΓöÇΓöÇΓöÇΓöÇΓöÇΓöÇΓöÇΓöÇΓöÇΓöÇΓöÇΓöÇΓöÇΓöÇΓöÇΓöÇΓöÇΓöÇΓöÇΓöÇΓöÇΓöÇΓöÇΓöÇΓöÇΓöÇΓöÇΓöÇΓöÇΓöÇΓöÇΓöÇΓöÇΓöÇΓöÇΓöÇΓöÇΓöÇΓöÇΓöÇΓöÇΓöÇΓöÇΓöÇΓöÇΓöÇΓöÇΓöÇΓöÇΓöÇΓöÇΓöÇΓöÇΓöÇΓöÇΓöÇΓöÇΓöÇΓöÇΓöÇΓöÇΓöÇΓöÇΓöÇΓöÇΓöÇΓöÇΓöÇΓöÇΓöÇΓöÇΓöÇΓöÇΓöÇΓöÇΓöÇΓöÇΓöÇΓöÇΓöÇΓöÇΓöÇΓöÇΓöÇΓöÇΓöÇΓöÇΓöÇΓöÇΓöÇΓöÇΓöÇΓöÇΓöÇΓöÇΓöÇΓöÇΓöÇΓöÇΓöÇΓöÇΓöÇΓöÇΓöÇΓöÇΓöÇΓöÇΓöÇΓöÇΓöÇΓöÇΓöÇΓöÇΓöÇΓöÇΓöÇΓöÇΓöÇΓöÇ  
   FAILED  Tests\Feature\LoanTest > monthly interest updates as balance decreases                                   QueryException   
  SQLSTATE[23000]: Integrity constraint violation: 19 NOT NULL constraint failed: members.password (Connection: sqlite, SQL: insert into "members" ("name", "email", "phone", "id_number", "date_of_birth", "address", "membership_date", "status", "updated_at", "created_at") values (Cortez Hessel, panderson@example.org, 401.831.1782, 87637519, 2005-07-26, 528 Jameson Isle Apt. 583
Port Monica, NV 24698-1473, 1986-06-25, inactive, 2025-12-04 09:33:34, 2025-12-04 09:33:34))

  at vendor\laravel\framework\src\Illuminate\Database\Connection.php:824
    820Γûò                     $this->getName(), $query, $this->prepareBindings($bindings), $e
    821Γûò                 );
    822Γûò             }
    823Γûò 
  Γ₧£ 824Γûò             throw new QueryException(
    825Γûò                 $this->getName(), $query, $this->prepareBindings($bindings), $e
    826Γûò             );
    827Γûò         }
    828Γûò     }

  1   vendor\laravel\framework\src\Illuminate\Database\Connection.php:824

  2   vendor\laravel\framework\src\Illuminate\Database\Connection.php:570
      NunoMaduro\Collision\Exceptions\TestException::("SQLSTATE[23000]: Integrity constraint violation: 19 NOT NULL constraint failed: members.password")

  ΓöÇΓöÇΓöÇΓöÇΓöÇΓöÇΓöÇΓöÇΓöÇΓöÇΓöÇΓöÇΓöÇΓöÇΓöÇΓöÇΓöÇΓöÇΓöÇΓöÇΓöÇΓöÇΓöÇΓöÇΓöÇΓöÇΓöÇΓöÇΓöÇΓöÇΓöÇΓöÇΓöÇΓöÇΓöÇΓöÇΓöÇΓöÇΓöÇΓöÇΓöÇΓöÇΓöÇΓöÇΓöÇΓöÇΓöÇΓöÇΓöÇΓöÇΓöÇΓöÇΓöÇΓöÇΓöÇΓöÇΓöÇΓöÇΓöÇΓöÇΓöÇΓöÇΓöÇΓöÇΓöÇΓöÇΓöÇΓöÇΓöÇΓöÇΓöÇΓöÇΓöÇΓöÇΓöÇΓöÇΓöÇΓöÇΓöÇΓöÇΓöÇΓöÇΓöÇΓöÇΓöÇΓöÇΓöÇΓöÇΓöÇΓöÇΓöÇΓöÇΓöÇΓöÇΓöÇΓöÇΓöÇΓöÇΓöÇΓöÇΓöÇΓöÇΓöÇΓöÇΓöÇΓöÇΓöÇΓöÇΓöÇΓöÇΓöÇΓöÇΓöÇΓöÇΓöÇΓöÇΓöÇΓöÇΓöÇΓöÇΓöÇΓöÇΓöÇΓöÇΓöÇΓöÇΓöÇΓöÇΓöÇ  
   FAILED  Tests\Feature\LoanTest > loan has correct enum status values                                             QueryException   
  SQLSTATE[23000]: Integrity constraint violation: 19 NOT NULL constraint failed: members.password (Connection: sqlite, SQL: insert into "members" ("name", "email", "phone", "id_number", "date_of_birth", "address", "membership_date", "status", "updated_at", "created_at") values (Marc D'Amore, santino.beier@example.net, +1-508-320-9554, 94972862, 1999-12-22, 633 Nasir Green
Emileport, RI 99836-2130, 1987-02-28, inactive, 2025-12-04 09:33:34, 2025-12-04 09:33:34))

  at vendor\laravel\framework\src\Illuminate\Database\Connection.php:824
    820Γûò                     $this->getName(), $query, $this->prepareBindings($bindings), $e
    821Γûò                 );
    822Γûò             }
    823Γûò 
  Γ₧£ 824Γûò             throw new QueryException(
    825Γûò                 $this->getName(), $query, $this->prepareBindings($bindings), $e
    826Γûò             );
    827Γûò         }
    828Γûò     }

  1   vendor\laravel\framework\src\Illuminate\Database\Connection.php:824

  2   vendor\laravel\framework\src\Illuminate\Database\Connection.php:570
      NunoMaduro\Collision\Exceptions\TestException::("SQLSTATE[23000]: Integrity constraint violation: 19 NOT NULL constraint failed: members.password")

  ΓöÇΓöÇΓöÇΓöÇΓöÇΓöÇΓöÇΓöÇΓöÇΓöÇΓöÇΓöÇΓöÇΓöÇΓöÇΓöÇΓöÇΓöÇΓöÇΓöÇΓöÇΓöÇΓöÇΓöÇΓöÇΓöÇΓöÇΓöÇΓöÇΓöÇΓöÇΓöÇΓöÇΓöÇΓöÇΓöÇΓöÇΓöÇΓöÇΓöÇΓöÇΓöÇΓöÇΓöÇΓöÇΓöÇΓöÇΓöÇΓöÇΓöÇΓöÇΓöÇΓöÇΓöÇΓöÇΓöÇΓöÇΓöÇΓöÇΓöÇΓöÇΓöÇΓöÇΓöÇΓöÇΓöÇΓöÇΓöÇΓöÇΓöÇΓöÇΓöÇΓöÇΓöÇΓöÇΓöÇΓöÇΓöÇΓöÇΓöÇΓöÇΓöÇΓöÇΓöÇΓöÇΓöÇΓöÇΓöÇΓöÇΓöÇΓöÇΓöÇΓöÇΓöÇΓöÇΓöÇΓöÇΓöÇΓöÇΓöÇΓöÇΓöÇΓöÇΓöÇΓöÇΓöÇΓöÇΓöÇΓöÇΓöÇΓöÇΓöÇΓöÇΓöÇΓöÇΓöÇΓöÇΓöÇΓöÇΓöÇΓöÇΓöÇΓöÇΓöÇΓöÇΓöÇΓöÇΓöÇΓöÇ  
   FAILED  Tests\Feature\LoanTest > paid loan has zero balance                                                      QueryException   
  SQLSTATE[23000]: Integrity constraint violation: 19 NOT NULL constraint failed: members.password (Connection: sqlite, SQL: insert into "members" ("name", "email", "phone", "id_number", "date_of_birth", "address", "membership_date", "status", "updated_at", "created_at") values (Ruthie Block, augusta67@example.com, 1-207-810-0900, 78828133, 2006-03-20, 71614 Wintheiser Lock
Handstad, NC 40808, 1985-01-23, inactive, 2025-12-04 09:33:34, 2025-12-04 09:33:34))

  at vendor\laravel\framework\src\Illuminate\Database\Connection.php:824
    820Γûò                     $this->getName(), $query, $this->prepareBindings($bindings), $e
    821Γûò                 );
    822Γûò             }
    823Γûò 
  Γ₧£ 824Γûò             throw new QueryException(
    825Γûò                 $this->getName(), $query, $this->prepareBindings($bindings), $e
    826Γûò             );
    827Γûò         }
    828Γûò     }

  1   vendor\laravel\framework\src\Illuminate\Database\Connection.php:824

  2   vendor\laravel\framework\src\Illuminate\Database\Connection.php:570
      NunoMaduro\Collision\Exceptions\TestException::("SQLSTATE[23000]: Integrity constraint violation: 19 NOT NULL constraint failed: members.password")

  ΓöÇΓöÇΓöÇΓöÇΓöÇΓöÇΓöÇΓöÇΓöÇΓöÇΓöÇΓöÇΓöÇΓöÇΓöÇΓöÇΓöÇΓöÇΓöÇΓöÇΓöÇΓöÇΓöÇΓöÇΓöÇΓöÇΓöÇΓöÇΓöÇΓöÇΓöÇΓöÇΓöÇΓöÇΓöÇΓöÇΓöÇΓöÇΓöÇΓöÇΓöÇΓöÇΓöÇΓöÇΓöÇΓöÇΓöÇΓöÇΓöÇΓöÇΓöÇΓöÇΓöÇΓöÇΓöÇΓöÇΓöÇΓöÇΓöÇΓöÇΓöÇΓöÇΓöÇΓöÇΓöÇΓöÇΓöÇΓöÇΓöÇΓöÇΓöÇΓöÇΓöÇΓöÇΓöÇΓöÇΓöÇΓöÇΓöÇΓöÇΓöÇΓöÇΓöÇΓöÇΓöÇΓöÇΓöÇΓöÇΓöÇΓöÇΓöÇΓöÇΓöÇΓöÇΓöÇΓöÇΓöÇΓöÇΓöÇΓöÇΓöÇΓöÇΓöÇΓöÇΓöÇΓöÇΓöÇΓöÇΓöÇΓöÇΓöÇΓöÇΓöÇΓöÇΓöÇΓöÇΓöÇΓöÇΓöÇΓöÇΓöÇΓöÇΓöÇΓöÇΓöÇΓöÇΓöÇΓöÇΓöÇ  
   FAILED  Tests\Feature\LoanTest > loan belongs to member                                                          QueryException   
  SQLSTATE[23000]: Integrity constraint violation: 19 NOT NULL constraint failed: members.password (Connection: sqlite, SQL: insert into "members" ("name", "email", "phone", "id_number", "date_of_birth", "address", "membership_date", "status", "updated_at", "created_at") values (Marcia Hand, dietrich.eulalia@example.net, 559.632.9030, 87357354, 2000-01-15, 49580 Mills Crest
Betteland, MN 35687, 1988-04-15, active, 2025-12-04 09:33:34, 2025-12-04 09:33:34))

  at vendor\laravel\framework\src\Illuminate\Database\Connection.php:824
    820Γûò                     $this->getName(), $query, $this->prepareBindings($bindings), $e
    821Γûò                 );
    822Γûò             }
    823Γûò 
  Γ₧£ 824Γûò             throw new QueryException(
    825Γûò                 $this->getName(), $query, $this->prepareBindings($bindings), $e
    826Γûò             );
    827Γûò         }
    828Γûò     }

  1   vendor\laravel\framework\src\Illuminate\Database\Connection.php:824

  2   vendor\laravel\framework\src\Illuminate\Database\Connection.php:570
      NunoMaduro\Collision\Exceptions\TestException::("SQLSTATE[23000]: Integrity constraint violation: 19 NOT NULL constraint failed: members.password")


  Tests:    10 failed (0 assertions)
  Duration: 0.98s

Time: 00:00.892, Memory: 44.00 MB

Loan (Tests\Feature\Loan)
 Γ£ÿ Admin can create loan with approved status
   Γöé
   Γöé Illuminate\Database\QueryException: SQLSTATE[23000]: Integrity constraint violation: 19 NOT NULL constraint failed: members.password (Connection: sqlite, SQL: insert into "members" ("name", "email", "phone", "id_number", "date_of_birth", "address", "membership_date", "status", "updated_at", "created_at") values (Nicholaus Kerluke, dhane@example.net, +1-828-781-8717, 86352050, 1982-04-22, 48117 Vince Stream Suite 442
   Γöé Lake Violaport, NM 52045-9130, 1989-04-03, inactive, 2025-12-04 09:33:33, 2025-12-04 09:33:33))
   Γöé
   Γöé C:\Users\Administrator\Documents\Iansoft\myapp2\vendor\laravel\framework\src\Illuminate\Database\Connection.php:824
   Γöé C:\Users\Administrator\Documents\Iansoft\myapp2\vendor\laravel\framework\src\Illuminate\Database\Connection.php:778
   Γöé C:\Users\Administrator\Documents\Iansoft\myapp2\vendor\laravel\framework\src\Illuminate\Database\Connection.php:559
   Γöé C:\Users\Administrator\Documents\Iansoft\myapp2\vendor\laravel\framework\src\Illuminate\Database\Connection.php:523
   Γöé C:\Users\Administrator\Documents\Iansoft\myapp2\vendor\laravel\framework\src\Illuminate\Database\Query\Processors\Processor.php:32
   Γöé C:\Users\Administrator\Documents\Iansoft\myapp2\vendor\laravel\framework\src\Illuminate\Database\Query\Builder.php:3853
   Γöé C:\Users\Administrator\Documents\Iansoft\myapp2\vendor\laravel\framework\src\Illuminate\Database\Eloquent\Builder.php:2235
   Γöé C:\Users\Administrator\Documents\Iansoft\myapp2\vendor\laravel\framework\src\Illuminate\Database\Eloquent\Model.php:1436
   Γöé C:\Users\Administrator\Documents\Iansoft\myapp2\vendor\laravel\framework\src\Illuminate\Database\Eloquent\Model.php:1401
   Γöé C:\Users\Administrator\Documents\Iansoft\myapp2\vendor\laravel\framework\src\Illuminate\Database\Eloquent\Model.php:1240
   Γöé C:\Users\Administrator\Documents\Iansoft\myapp2\vendor\laravel\framework\src\Illuminate\Database\Eloquent\Factories\Factory.php:370
   Γöé C:\Users\Administrator\Documents\Iansoft\myapp2\vendor\laravel\framework\src\Illuminate\Collections\Traits\EnumeratesValues.php:271
   Γöé C:\Users\Administrator\Documents\Iansoft\myapp2\vendor\laravel\framework\src\Illuminate\Database\Eloquent\Factories\Factory.php:365
   Γöé C:\Users\Administrator\Documents\Iansoft\myapp2\vendor\laravel\framework\src\Illuminate\Database\Eloquent\Factories\Factory.php:321
   Γöé C:\Users\Administrator\Documents\Iansoft\myapp2\tests\Feature\LoanTest.php:17
   Γöé  
   Γöé Caused by:
   Γöé PDOException: SQLSTATE[23000]: Integrity constraint violation: 19 NOT NULL constraint failed: members.password
   Γöé
   Γöé C:\Users\Administrator\Documents\Iansoft\myapp2\vendor\laravel\framework\src\Illuminate\Database\Connection.php:570
   Γöé C:\Users\Administrator\Documents\Iansoft\myapp2\vendor\laravel\framework\src\Illuminate\Database\Connection.php:811
   Γöé C:\Users\Administrator\Documents\Iansoft\myapp2\vendor\laravel\framework\src\Illuminate\Database\Connection.php:778
   Γöé C:\Users\Administrator\Documents\Iansoft\myapp2\vendor\laravel\framework\src\Illuminate\Database\Connection.php:559
   Γöé C:\Users\Administrator\Documents\Iansoft\myapp2\vendor\laravel\framework\src\Illuminate\Database\Connection.php:523
   Γöé C:\Users\Administrator\Documents\Iansoft\myapp2\vendor\laravel\framework\src\Illuminate\Database\Query\Processors\Processor.php:32
   Γöé C:\Users\Administrator\Documents\Iansoft\myapp2\vendor\laravel\framework\src\Illuminate\Database\Query\Builder.php:3853
   Γöé C:\Users\Administrator\Documents\Iansoft\myapp2\vendor\laravel\framework\src\Illuminate\Database\Eloquent\Builder.php:2235
   Γöé C:\Users\Administrator\Documents\Iansoft\myapp2\vendor\laravel\framework\src\Illuminate\Database\Eloquent\Model.php:1436
   Γöé C:\Users\Administrator\Documents\Iansoft\myapp2\vendor\laravel\framework\src\Illuminate\Database\Eloquent\Model.php:1401
   Γöé C:\Users\Administrator\Documents\Iansoft\myapp2\vendor\laravel\framework\src\Illuminate\Database\Eloquent\Model.php:1240
   Γöé C:\Users\Administrator\Documents\Iansoft\myapp2\vendor\laravel\framework\src\Illuminate\Database\Eloquent\Factories\Factory.php:370
   Γöé C:\Users\Administrator\Documents\Iansoft\myapp2\vendor\laravel\framework\src\Illuminate\Collections\Traits\EnumeratesValues.php:271
   Γöé C:\Users\Administrator\Documents\Iansoft\myapp2\vendor\laravel\framework\src\Illuminate\Database\Eloquent\Factories\Factory.php:365
   Γöé C:\Users\Administrator\Documents\Iansoft\myapp2\vendor\laravel\framework\src\Illuminate\Database\Eloquent\Factories\Factory.php:321
   Γöé C:\Users\Administrator\Documents\Iansoft\myapp2\tests\Feature\LoanTest.php:17
   Γöé
 Γ£ÿ Member can apply for loan with pending status
   Γöé
   Γöé Illuminate\Database\QueryException: SQLSTATE[HY000]: General error: 1 table members has no column named savings (Connection: sqlite, SQL: insert into "members" ("name", "email", "phone", "id_number", "date_of_birth", "address", "membership_date", "status", "savings", "updated_at", "created_at") values (Zoila White, yadira.berge@example.com, 228-377-6079, 57159006, 1994-10-10, 7250 Desiree Wells Apt. 026
   Γöé Lake Rodger, NC 76417, 1993-08-14, active, 20000, 2025-12-04 09:33:33, 2025-12-04 09:33:33))
   Γöé
   Γöé C:\Users\Administrator\Documents\Iansoft\myapp2\vendor\laravel\framework\src\Illuminate\Database\Connection.php:824
   Γöé C:\Users\Administrator\Documents\Iansoft\myapp2\vendor\laravel\framework\src\Illuminate\Database\Connection.php:778
   Γöé C:\Users\Administrator\Documents\Iansoft\myapp2\vendor\laravel\framework\src\Illuminate\Database\Connection.php:559
   Γöé C:\Users\Administrator\Documents\Iansoft\myapp2\vendor\laravel\framework\src\Illuminate\Database\Connection.php:523
   Γöé C:\Users\Administrator\Documents\Iansoft\myapp2\vendor\laravel\framework\src\Illuminate\Database\Query\Processors\Processor.php:32
   Γöé C:\Users\Administrator\Documents\Iansoft\myapp2\vendor\laravel\framework\src\Illuminate\Database\Query\Builder.php:3853
   Γöé C:\Users\Administrator\Documents\Iansoft\myapp2\vendor\laravel\framework\src\Illuminate\Database\Eloquent\Builder.php:2235
   Γöé C:\Users\Administrator\Documents\Iansoft\myapp2\vendor\laravel\framework\src\Illuminate\Database\Eloquent\Model.php:1436
   Γöé C:\Users\Administrator\Documents\Iansoft\myapp2\vendor\laravel\framework\src\Illuminate\Database\Eloquent\Model.php:1401
   Γöé C:\Users\Administrator\Documents\Iansoft\myapp2\vendor\laravel\framework\src\Illuminate\Database\Eloquent\Model.php:1240
   Γöé C:\Users\Administrator\Documents\Iansoft\myapp2\vendor\laravel\framework\src\Illuminate\Database\Eloquent\Factories\Factory.php:370
   Γöé C:\Users\Administrator\Documents\Iansoft\myapp2\vendor\laravel\framework\src\Illuminate\Collections\Traits\EnumeratesValues.php:271
   Γöé C:\Users\Administrator\Documents\Iansoft\myapp2\vendor\laravel\framework\src\Illuminate\Database\Eloquent\Factories\Factory.php:365
   Γöé C:\Users\Administrator\Documents\Iansoft\myapp2\vendor\laravel\framework\src\Illuminate\Database\Eloquent\Factories\Factory.php:321
   Γöé C:\Users\Administrator\Documents\Iansoft\myapp2\vendor\laravel\framework\src\Illuminate\Database\Eloquent\Factories\Factory.php:315
   Γöé C:\Users\Administrator\Documents\Iansoft\myapp2\tests\Feature\LoanTest.php:39
   Γöé  
   Γöé Caused by:
   Γöé PDOException: SQLSTATE[HY000]: General error: 1 table members has no column named savings
   Γöé
   Γöé C:\Users\Administrator\Documents\Iansoft\myapp2\vendor\laravel\framework\src\Illuminate\Database\Connection.php:564
   Γöé C:\Users\Administrator\Documents\Iansoft\myapp2\vendor\laravel\framework\src\Illuminate\Database\Connection.php:811
   Γöé C:\Users\Administrator\Documents\Iansoft\myapp2\vendor\laravel\framework\src\Illuminate\Database\Connection.php:778
   Γöé C:\Users\Administrator\Documents\Iansoft\myapp2\vendor\laravel\framework\src\Illuminate\Database\Connection.php:559
   Γöé C:\Users\Administrator\Documents\Iansoft\myapp2\vendor\laravel\framework\src\Illuminate\Database\Connection.php:523
   Γöé C:\Users\Administrator\Documents\Iansoft\myapp2\vendor\laravel\framework\src\Illuminate\Database\Query\Processors\Processor.php:32
   Γöé C:\Users\Administrator\Documents\Iansoft\myapp2\vendor\laravel\framework\src\Illuminate\Database\Query\Builder.php:3853
   Γöé C:\Users\Administrator\Documents\Iansoft\myapp2\vendor\laravel\framework\src\Illuminate\Database\Eloquent\Builder.php:2235
   Γöé C:\Users\Administrator\Documents\Iansoft\myapp2\vendor\laravel\framework\src\Illuminate\Database\Eloquent\Model.php:1436
   Γöé C:\Users\Administrator\Documents\Iansoft\myapp2\vendor\laravel\framework\src\Illuminate\Database\Eloquent\Model.php:1401
   Γöé C:\Users\Administrator\Documents\Iansoft\myapp2\vendor\laravel\framework\src\Illuminate\Database\Eloquent\Model.php:1240
   Γöé C:\Users\Administrator\Documents\Iansoft\myapp2\vendor\laravel\framework\src\Illuminate\Database\Eloquent\Factories\Factory.php:370
   Γöé C:\Users\Administrator\Documents\Iansoft\myapp2\vendor\laravel\framework\src\Illuminate\Collections\Traits\EnumeratesValues.php:271
   Γöé C:\Users\Administrator\Documents\Iansoft\myapp2\vendor\laravel\framework\src\Illuminate\Database\Eloquent\Factories\Factory.php:365
   Γöé C:\Users\Administrator\Documents\Iansoft\myapp2\vendor\laravel\framework\src\Illuminate\Database\Eloquent\Factories\Factory.php:321
   Γöé C:\Users\Administrator\Documents\Iansoft\myapp2\vendor\laravel\framework\src\Illuminate\Database\Eloquent\Factories\Factory.php:315
   Γöé C:\Users\Administrator\Documents\Iansoft\myapp2\tests\Feature\LoanTest.php:39
   Γöé
 Γ£ÿ Loan limit is three times members savings
   Γöé
   Γöé Illuminate\Database\QueryException: SQLSTATE[HY000]: General error: 1 table members has no column named savings (Connection: sqlite, SQL: insert into "members" ("name", "email", "phone", "id_number", "date_of_birth", "address", "membership_date", "status", "savings", "updated_at", "created_at") values (Dr. Hipolito Buckridge Jr., jarrod41@example.net, +1-979-999-9152, 24805593, 1977-12-17, 19328 Kshlerin Way
   Γöé West Nicole, MO 65141, 2018-09-06, inactive, 10000, 2025-12-04 09:33:33, 2025-12-04 09:33:33))
   Γöé
   Γöé C:\Users\Administrator\Documents\Iansoft\myapp2\vendor\laravel\framework\src\Illuminate\Database\Connection.php:824
   Γöé C:\Users\Administrator\Documents\Iansoft\myapp2\vendor\laravel\framework\src\Illuminate\Database\Connection.php:778
   Γöé C:\Users\Administrator\Documents\Iansoft\myapp2\vendor\laravel\framework\src\Illuminate\Database\Connection.php:559
   Γöé C:\Users\Administrator\Documents\Iansoft\myapp2\vendor\laravel\framework\src\Illuminate\Database\Connection.php:523
   Γöé C:\Users\Administrator\Documents\Iansoft\myapp2\vendor\laravel\framework\src\Illuminate\Database\Query\Processors\Processor.php:32
   Γöé C:\Users\Administrator\Documents\Iansoft\myapp2\vendor\laravel\framework\src\Illuminate\Database\Query\Builder.php:3853
   Γöé C:\Users\Administrator\Documents\Iansoft\myapp2\vendor\laravel\framework\src\Illuminate\Database\Eloquent\Builder.php:2235
   Γöé C:\Users\Administrator\Documents\Iansoft\myapp2\vendor\laravel\framework\src\Illuminate\Database\Eloquent\Model.php:1436
   Γöé C:\Users\Administrator\Documents\Iansoft\myapp2\vendor\laravel\framework\src\Illuminate\Database\Eloquent\Model.php:1401
   Γöé C:\Users\Administrator\Documents\Iansoft\myapp2\vendor\laravel\framework\src\Illuminate\Database\Eloquent\Model.php:1240
   Γöé C:\Users\Administrator\Documents\Iansoft\myapp2\vendor\laravel\framework\src\Illuminate\Database\Eloquent\Factories\Factory.php:370
   Γöé C:\Users\Administrator\Documents\Iansoft\myapp2\vendor\laravel\framework\src\Illuminate\Collections\Traits\EnumeratesValues.php:271
   Γöé C:\Users\Administrator\Documents\Iansoft\myapp2\vendor\laravel\framework\src\Illuminate\Database\Eloquent\Factories\Factory.php:365
   Γöé C:\Users\Administrator\Documents\Iansoft\myapp2\vendor\laravel\framework\src\Illuminate\Database\Eloquent\Factories\Factory.php:321
   Γöé C:\Users\Administrator\Documents\Iansoft\myapp2\vendor\laravel\framework\src\Illuminate\Database\Eloquent\Factories\Factory.php:315
   Γöé C:\Users\Administrator\Documents\Iansoft\myapp2\tests\Feature\LoanTest.php:62
   Γöé  
   Γöé Caused by:
   Γöé PDOException: SQLSTATE[HY000]: General error: 1 table members has no column named savings
   Γöé
   Γöé C:\Users\Administrator\Documents\Iansoft\myapp2\vendor\laravel\framework\src\Illuminate\Database\Connection.php:564
   Γöé C:\Users\Administrator\Documents\Iansoft\myapp2\vendor\laravel\framework\src\Illuminate\Database\Connection.php:811
   Γöé C:\Users\Administrator\Documents\Iansoft\myapp2\vendor\laravel\framework\src\Illuminate\Database\Connection.php:778
   Γöé C:\Users\Administrator\Documents\Iansoft\myapp2\vendor\laravel\framework\src\Illuminate\Database\Connection.php:559
   Γöé C:\Users\Administrator\Documents\Iansoft\myapp2\vendor\laravel\framework\src\Illuminate\Database\Connection.php:523
   Γöé C:\Users\Administrator\Documents\Iansoft\myapp2\vendor\laravel\framework\src\Illuminate\Database\Query\Processors\Processor.php:32
   Γöé C:\Users\Administrator\Documents\Iansoft\myapp2\vendor\laravel\framework\src\Illuminate\Database\Query\Builder.php:3853
   Γöé C:\Users\Administrator\Documents\Iansoft\myapp2\vendor\laravel\framework\src\Illuminate\Database\Eloquent\Builder.php:2235
   Γöé C:\Users\Administrator\Documents\Iansoft\myapp2\vendor\laravel\framework\src\Illuminate\Database\Eloquent\Model.php:1436
   Γöé C:\Users\Administrator\Documents\Iansoft\myapp2\vendor\laravel\framework\src\Illuminate\Database\Eloquent\Model.php:1401
   Γöé C:\Users\Administrator\Documents\Iansoft\myapp2\vendor\laravel\framework\src\Illuminate\Database\Eloquent\Model.php:1240
   Γöé C:\Users\Administrator\Documents\Iansoft\myapp2\vendor\laravel\framework\src\Illuminate\Database\Eloquent\Factories\Factory.php:370
   Γöé C:\Users\Administrator\Documents\Iansoft\myapp2\vendor\laravel\framework\src\Illuminate\Collections\Traits\EnumeratesValues.php:271
   Γöé C:\Users\Administrator\Documents\Iansoft\myapp2\vendor\laravel\framework\src\Illuminate\Database\Eloquent\Factories\Factory.php:365
   Γöé C:\Users\Administrator\Documents\Iansoft\myapp2\vendor\laravel\framework\src\Illuminate\Database\Eloquent\Factories\Factory.php:321
   Γöé C:\Users\Administrator\Documents\Iansoft\myapp2\vendor\laravel\framework\src\Illuminate\Database\Eloquent\Factories\Factory.php:315
   Γöé C:\Users\Administrator\Documents\Iansoft\myapp2\tests\Feature\LoanTest.php:62
   Γöé
 Γ£ÿ Member cannot exceed loan limit
   Γöé
   Γöé Illuminate\Database\QueryException: SQLSTATE[HY000]: General error: 1 table members has no column named savings (Connection: sqlite, SQL: insert into "members" ("name", "email", "phone", "id_number", "date_of_birth", "address", "membership_date", "status", "savings", "updated_at", "created_at") values (Maia Reichel, wilson.yundt@example.com, (551) 470-6673, 60307631, 1994-03-18, 441 Pacocha Trail
   Γöé Carolbury, NE 85988, 1978-06-09, active, 10000, 2025-12-04 09:33:33, 2025-12-04 09:33:33))
   Γöé
   Γöé C:\Users\Administrator\Documents\Iansoft\myapp2\vendor\laravel\framework\src\Illuminate\Database\Connection.php:824
   Γöé C:\Users\Administrator\Documents\Iansoft\myapp2\vendor\laravel\framework\src\Illuminate\Database\Connection.php:778
   Γöé C:\Users\Administrator\Documents\Iansoft\myapp2\vendor\laravel\framework\src\Illuminate\Database\Connection.php:559
   Γöé C:\Users\Administrator\Documents\Iansoft\myapp2\vendor\laravel\framework\src\Illuminate\Database\Connection.php:523
   Γöé C:\Users\Administrator\Documents\Iansoft\myapp2\vendor\laravel\framework\src\Illuminate\Database\Query\Processors\Processor.php:32
   Γöé C:\Users\Administrator\Documents\Iansoft\myapp2\vendor\laravel\framework\src\Illuminate\Database\Query\Builder.php:3853
   Γöé C:\Users\Administrator\Documents\Iansoft\myapp2\vendor\laravel\framework\src\Illuminate\Database\Eloquent\Builder.php:2235
   Γöé C:\Users\Administrator\Documents\Iansoft\myapp2\vendor\laravel\framework\src\Illuminate\Database\Eloquent\Model.php:1436
   Γöé C:\Users\Administrator\Documents\Iansoft\myapp2\vendor\laravel\framework\src\Illuminate\Database\Eloquent\Model.php:1401
   Γöé C:\Users\Administrator\Documents\Iansoft\myapp2\vendor\laravel\framework\src\Illuminate\Database\Eloquent\Model.php:1240
   Γöé C:\Users\Administrator\Documents\Iansoft\myapp2\vendor\laravel\framework\src\Illuminate\Database\Eloquent\Factories\Factory.php:370
   Γöé C:\Users\Administrator\Documents\Iansoft\myapp2\vendor\laravel\framework\src\Illuminate\Collections\Traits\EnumeratesValues.php:271
   Γöé C:\Users\Administrator\Documents\Iansoft\myapp2\vendor\laravel\framework\src\Illuminate\Database\Eloquent\Factories\Factory.php:365
   Γöé C:\Users\Administrator\Documents\Iansoft\myapp2\vendor\laravel\framework\src\Illuminate\Database\Eloquent\Factories\Factory.php:321
   Γöé C:\Users\Administrator\Documents\Iansoft\myapp2\vendor\laravel\framework\src\Illuminate\Database\Eloquent\Factories\Factory.php:315
   Γöé C:\Users\Administrator\Documents\Iansoft\myapp2\tests\Feature\LoanTest.php:72
   Γöé  
   Γöé Caused by:
   Γöé PDOException: SQLSTATE[HY000]: General error: 1 table members has no column named savings
   Γöé
   Γöé C:\Users\Administrator\Documents\Iansoft\myapp2\vendor\laravel\framework\src\Illuminate\Database\Connection.php:564
   Γöé C:\Users\Administrator\Documents\Iansoft\myapp2\vendor\laravel\framework\src\Illuminate\Database\Connection.php:811
   Γöé C:\Users\Administrator\Documents\Iansoft\myapp2\vendor\laravel\framework\src\Illuminate\Database\Connection.php:778
   Γöé C:\Users\Administrator\Documents\Iansoft\myapp2\vendor\laravel\framework\src\Illuminate\Database\Connection.php:559
   Γöé C:\Users\Administrator\Documents\Iansoft\myapp2\vendor\laravel\framework\src\Illuminate\Database\Connection.php:523
   Γöé C:\Users\Administrator\Documents\Iansoft\myapp2\vendor\laravel\framework\src\Illuminate\Database\Query\Processors\Processor.php:32
   Γöé C:\Users\Administrator\Documents\Iansoft\myapp2\vendor\laravel\framework\src\Illuminate\Database\Query\Builder.php:3853
   Γöé C:\Users\Administrator\Documents\Iansoft\myapp2\vendor\laravel\framework\src\Illuminate\Database\Eloquent\Builder.php:2235
   Γöé C:\Users\Administrator\Documents\Iansoft\myapp2\vendor\laravel\framework\src\Illuminate\Database\Eloquent\Model.php:1436
   Γöé C:\Users\Administrator\Documents\Iansoft\myapp2\vendor\laravel\framework\src\Illuminate\Database\Eloquent\Model.php:1401
   Γöé C:\Users\Administrator\Documents\Iansoft\myapp2\vendor\laravel\framework\src\Illuminate\Database\Eloquent\Model.php:1240
   Γöé C:\Users\Administrator\Documents\Iansoft\myapp2\vendor\laravel\framework\src\Illuminate\Database\Eloquent\Factories\Factory.php:370
   Γöé C:\Users\Administrator\Documents\Iansoft\myapp2\vendor\laravel\framework\src\Illuminate\Collections\Traits\EnumeratesValues.php:271
   Γöé C:\Users\Administrator\Documents\Iansoft\myapp2\vendor\laravel\framework\src\Illuminate\Database\Eloquent\Factories\Factory.php:365
   Γöé C:\Users\Administrator\Documents\Iansoft\myapp2\vendor\laravel\framework\src\Illuminate\Database\Eloquent\Factories\Factory.php:321
   Γöé C:\Users\Administrator\Documents\Iansoft\myapp2\vendor\laravel\framework\src\Illuminate\Database\Eloquent\Factories\Factory.php:315
   Γöé C:\Users\Administrator\Documents\Iansoft\myapp2\tests\Feature\LoanTest.php:72
   Γöé
 Γ£ÿ ScopeActive returns only approved loans
   Γöé
   Γöé Illuminate\Database\QueryException: SQLSTATE[23000]: Integrity constraint violation: 19 NOT NULL constraint failed: members.password (Connection: sqlite, SQL: insert into "members" ("name", "email", "phone", "id_number", "date_of_birth", "address", "membership_date", "status", "updated_at", "created_at") values (Miss Kamille Kohler DDS, kklein@example.com, 727-659-4988, 48510971, 1971-03-14, 5833 Abraham Canyon
   Γöé Hermannbury, MT 21355, 2011-09-23, inactive, 2025-12-04 09:33:33, 2025-12-04 09:33:33))
   Γöé
   Γöé C:\Users\Administrator\Documents\Iansoft\myapp2\vendor\laravel\framework\src\Illuminate\Database\Connection.php:824
   Γöé C:\Users\Administrator\Documents\Iansoft\myapp2\vendor\laravel\framework\src\Illuminate\Database\Connection.php:778
   Γöé C:\Users\Administrator\Documents\Iansoft\myapp2\vendor\laravel\framework\src\Illuminate\Database\Connection.php:559
   Γöé C:\Users\Administrator\Documents\Iansoft\myapp2\vendor\laravel\framework\src\Illuminate\Database\Connection.php:523
   Γöé C:\Users\Administrator\Documents\Iansoft\myapp2\vendor\laravel\framework\src\Illuminate\Database\Query\Processors\Processor.php:32
   Γöé C:\Users\Administrator\Documents\Iansoft\myapp2\vendor\laravel\framework\src\Illuminate\Database\Query\Builder.php:3853
   Γöé C:\Users\Administrator\Documents\Iansoft\myapp2\vendor\laravel\framework\src\Illuminate\Database\Eloquent\Builder.php:2235
   Γöé C:\Users\Administrator\Documents\Iansoft\myapp2\vendor\laravel\framework\src\Illuminate\Database\Eloquent\Model.php:1436
   Γöé C:\Users\Administrator\Documents\Iansoft\myapp2\vendor\laravel\framework\src\Illuminate\Database\Eloquent\Model.php:1401
   Γöé C:\Users\Administrator\Documents\Iansoft\myapp2\vendor\laravel\framework\src\Illuminate\Database\Eloquent\Model.php:1240
   Γöé C:\Users\Administrator\Documents\Iansoft\myapp2\vendor\laravel\framework\src\Illuminate\Database\Eloquent\Factories\Factory.php:370
   Γöé C:\Users\Administrator\Documents\Iansoft\myapp2\vendor\laravel\framework\src\Illuminate\Collections\Traits\EnumeratesValues.php:271
   Γöé C:\Users\Administrator\Documents\Iansoft\myapp2\vendor\laravel\framework\src\Illuminate\Database\Eloquent\Factories\Factory.php:365
   Γöé C:\Users\Administrator\Documents\Iansoft\myapp2\vendor\laravel\framework\src\Illuminate\Database\Eloquent\Factories\Factory.php:321
   Γöé C:\Users\Administrator\Documents\Iansoft\myapp2\tests\Feature\LoanTest.php:84
   Γöé  
   Γöé Caused by:
   Γöé PDOException: SQLSTATE[23000]: Integrity constraint violation: 19 NOT NULL constraint failed: members.password
   Γöé
   Γöé C:\Users\Administrator\Documents\Iansoft\myapp2\vendor\laravel\framework\src\Illuminate\Database\Connection.php:570
   Γöé C:\Users\Administrator\Documents\Iansoft\myapp2\vendor\laravel\framework\src\Illuminate\Database\Connection.php:811
   Γöé C:\Users\Administrator\Documents\Iansoft\myapp2\vendor\laravel\framework\src\Illuminate\Database\Connection.php:778
   Γöé C:\Users\Administrator\Documents\Iansoft\myapp2\vendor\laravel\framework\src\Illuminate\Database\Connection.php:559
   Γöé C:\Users\Administrator\Documents\Iansoft\myapp2\vendor\laravel\framework\src\Illuminate\Database\Connection.php:523
   Γöé C:\Users\Administrator\Documents\Iansoft\myapp2\vendor\laravel\framework\src\Illuminate\Database\Query\Processors\Processor.php:32
   Γöé C:\Users\Administrator\Documents\Iansoft\myapp2\vendor\laravel\framework\src\Illuminate\Database\Query\Builder.php:3853
   Γöé C:\Users\Administrator\Documents\Iansoft\myapp2\vendor\laravel\framework\src\Illuminate\Database\Eloquent\Builder.php:2235
   Γöé C:\Users\Administrator\Documents\Iansoft\myapp2\vendor\laravel\framework\src\Illuminate\Database\Eloquent\Model.php:1436
   Γöé C:\Users\Administrator\Documents\Iansoft\myapp2\vendor\laravel\framework\src\Illuminate\Database\Eloquent\Model.php:1401
   Γöé C:\Users\Administrator\Documents\Iansoft\myapp2\vendor\laravel\framework\src\Illuminate\Database\Eloquent\Model.php:1240
   Γöé C:\Users\Administrator\Documents\Iansoft\myapp2\vendor\laravel\framework\src\Illuminate\Database\Eloquent\Factories\Factory.php:370
   Γöé C:\Users\Administrator\Documents\Iansoft\myapp2\vendor\laravel\framework\src\Illuminate\Collections\Traits\EnumeratesValues.php:271
   Γöé C:\Users\Administrator\Documents\Iansoft\myapp2\vendor\laravel\framework\src\Illuminate\Database\Eloquent\Factories\Factory.php:365
   Γöé C:\Users\Administrator\Documents\Iansoft\myapp2\vendor\laravel\framework\src\Illuminate\Database\Eloquent\Factories\Factory.php:321
   Γöé C:\Users\Administrator\Documents\Iansoft\myapp2\tests\Feature\LoanTest.php:84
   Γöé
 Γ£ÿ Monthly interest calculation is correct
   Γöé
   Γöé Illuminate\Database\QueryException: SQLSTATE[23000]: Integrity constraint violation: 19 NOT NULL constraint failed: members.password (Connection: sqlite, SQL: insert into "members" ("name", "email", "phone", "id_number", "date_of_birth", "address", "membership_date", "status", "updated_at", "created_at") values (Nick Miller, grayson.turcotte@example.com, 606-779-1359, 27366581, 1995-02-04, 4899 Arvilla Pike
   Γöé Dellland, KY 77516, 1978-03-25, active, 2025-12-04 09:33:33, 2025-12-04 09:33:33))
   Γöé
   Γöé C:\Users\Administrator\Documents\Iansoft\myapp2\vendor\laravel\framework\src\Illuminate\Database\Connection.php:824
   Γöé C:\Users\Administrator\Documents\Iansoft\myapp2\vendor\laravel\framework\src\Illuminate\Database\Connection.php:778
   Γöé C:\Users\Administrator\Documents\Iansoft\myapp2\vendor\laravel\framework\src\Illuminate\Database\Connection.php:559
   Γöé C:\Users\Administrator\Documents\Iansoft\myapp2\vendor\laravel\framework\src\Illuminate\Database\Connection.php:523
   Γöé C:\Users\Administrator\Documents\Iansoft\myapp2\vendor\laravel\framework\src\Illuminate\Database\Query\Processors\Processor.php:32
   Γöé C:\Users\Administrator\Documents\Iansoft\myapp2\vendor\laravel\framework\src\Illuminate\Database\Query\Builder.php:3853
   Γöé C:\Users\Administrator\Documents\Iansoft\myapp2\vendor\laravel\framework\src\Illuminate\Database\Eloquent\Builder.php:2235
   Γöé C:\Users\Administrator\Documents\Iansoft\myapp2\vendor\laravel\framework\src\Illuminate\Database\Eloquent\Model.php:1436
   Γöé C:\Users\Administrator\Documents\Iansoft\myapp2\vendor\laravel\framework\src\Illuminate\Database\Eloquent\Model.php:1401
   Γöé C:\Users\Administrator\Documents\Iansoft\myapp2\vendor\laravel\framework\src\Illuminate\Database\Eloquent\Model.php:1240
   Γöé C:\Users\Administrator\Documents\Iansoft\myapp2\vendor\laravel\framework\src\Illuminate\Database\Eloquent\Factories\Factory.php:370
   Γöé C:\Users\Administrator\Documents\Iansoft\myapp2\vendor\laravel\framework\src\Illuminate\Collections\Traits\EnumeratesValues.php:271
   Γöé C:\Users\Administrator\Documents\Iansoft\myapp2\vendor\laravel\framework\src\Illuminate\Database\Eloquent\Factories\Factory.php:365
   Γöé C:\Users\Administrator\Documents\Iansoft\myapp2\vendor\laravel\framework\src\Illuminate\Database\Eloquent\Factories\Factory.php:321
   Γöé C:\Users\Administrator\Documents\Iansoft\myapp2\tests\Feature\LoanTest.php:129
   Γöé  
   Γöé Caused by:
   Γöé PDOException: SQLSTATE[23000]: Integrity constraint violation: 19 NOT NULL constraint failed: members.password
   Γöé
   Γöé C:\Users\Administrator\Documents\Iansoft\myapp2\vendor\laravel\framework\src\Illuminate\Database\Connection.php:570
   Γöé C:\Users\Administrator\Documents\Iansoft\myapp2\vendor\laravel\framework\src\Illuminate\Database\Connection.php:811
   Γöé C:\Users\Administrator\Documents\Iansoft\myapp2\vendor\laravel\framework\src\Illuminate\Database\Connection.php:778
   Γöé C:\Users\Administrator\Documents\Iansoft\myapp2\vendor\laravel\framework\src\Illuminate\Database\Connection.php:559
   Γöé C:\Users\Administrator\Documents\Iansoft\myapp2\vendor\laravel\framework\src\Illuminate\Database\Connection.php:523
   Γöé C:\Users\Administrator\Documents\Iansoft\myapp2\vendor\laravel\framework\src\Illuminate\Database\Query\Processors\Processor.php:32
   Γöé C:\Users\Administrator\Documents\Iansoft\myapp2\vendor\laravel\framework\src\Illuminate\Database\Query\Builder.php:3853
   Γöé C:\Users\Administrator\Documents\Iansoft\myapp2\vendor\laravel\framework\src\Illuminate\Database\Eloquent\Builder.php:2235
   Γöé C:\Users\Administrator\Documents\Iansoft\myapp2\vendor\laravel\framework\src\Illuminate\Database\Eloquent\Model.php:1436
   Γöé C:\Users\Administrator\Documents\Iansoft\myapp2\vendor\laravel\framework\src\Illuminate\Database\Eloquent\Model.php:1401
   Γöé C:\Users\Administrator\Documents\Iansoft\myapp2\vendor\laravel\framework\src\Illuminate\Database\Eloquent\Model.php:1240
   Γöé C:\Users\Administrator\Documents\Iansoft\myapp2\vendor\laravel\framework\src\Illuminate\Database\Eloquent\Factories\Factory.php:370
   Γöé C:\Users\Administrator\Documents\Iansoft\myapp2\vendor\laravel\framework\src\Illuminate\Collections\Traits\EnumeratesValues.php:271
   Γöé C:\Users\Administrator\Documents\Iansoft\myapp2\vendor\laravel\framework\src\Illuminate\Database\Eloquent\Factories\Factory.php:365
   Γöé C:\Users\Administrator\Documents\Iansoft\myapp2\vendor\laravel\framework\src\Illuminate\Database\Eloquent\Factories\Factory.php:321
   Γöé C:\Users\Administrator\Documents\Iansoft\myapp2\tests\Feature\LoanTest.php:129
   Γöé
 Γ£ÿ Monthly interest updates as balance decreases
   Γöé
   Γöé Illuminate\Database\QueryException: SQLSTATE[23000]: Integrity constraint violation: 19 NOT NULL constraint failed: members.password (Connection: sqlite, SQL: insert into "members" ("name", "email", "phone", "id_number", "date_of_birth", "address", "membership_date", "status", "updated_at", "created_at") values (Cortez Hessel, panderson@example.org, 401.831.1782, 87637519, 2005-07-26, 528 Jameson Isle Apt. 583
   Γöé Port Monica, NV 24698-1473, 1986-06-25, inactive, 2025-12-04 09:33:34, 2025-12-04 09:33:34))
   Γöé
   Γöé C:\Users\Administrator\Documents\Iansoft\myapp2\vendor\laravel\framework\src\Illuminate\Database\Connection.php:824
   Γöé C:\Users\Administrator\Documents\Iansoft\myapp2\vendor\laravel\framework\src\Illuminate\Database\Connection.php:778
   Γöé C:\Users\Administrator\Documents\Iansoft\myapp2\vendor\laravel\framework\src\Illuminate\Database\Connection.php:559
   Γöé C:\Users\Administrator\Documents\Iansoft\myapp2\vendor\laravel\framework\src\Illuminate\Database\Connection.php:523
   Γöé C:\Users\Administrator\Documents\Iansoft\myapp2\vendor\laravel\framework\src\Illuminate\Database\Query\Processors\Processor.php:32
   Γöé C:\Users\Administrator\Documents\Iansoft\myapp2\vendor\laravel\framework\src\Illuminate\Database\Query\Builder.php:3853
   Γöé C:\Users\Administrator\Documents\Iansoft\myapp2\vendor\laravel\framework\src\Illuminate\Database\Eloquent\Builder.php:2235
   Γöé C:\Users\Administrator\Documents\Iansoft\myapp2\vendor\laravel\framework\src\Illuminate\Database\Eloquent\Model.php:1436
   Γöé C:\Users\Administrator\Documents\Iansoft\myapp2\vendor\laravel\framework\src\Illuminate\Database\Eloquent\Model.php:1401
   Γöé C:\Users\Administrator\Documents\Iansoft\myapp2\vendor\laravel\framework\src\Illuminate\Database\Eloquent\Model.php:1240
   Γöé C:\Users\Administrator\Documents\Iansoft\myapp2\vendor\laravel\framework\src\Illuminate\Database\Eloquent\Factories\Factory.php:370
   Γöé C:\Users\Administrator\Documents\Iansoft\myapp2\vendor\laravel\framework\src\Illuminate\Collections\Traits\EnumeratesValues.php:271
   Γöé C:\Users\Administrator\Documents\Iansoft\myapp2\vendor\laravel\framework\src\Illuminate\Database\Eloquent\Factories\Factory.php:365
   Γöé C:\Users\Administrator\Documents\Iansoft\myapp2\vendor\laravel\framework\src\Illuminate\Database\Eloquent\Factories\Factory.php:321
   Γöé C:\Users\Administrator\Documents\Iansoft\myapp2\tests\Feature\LoanTest.php:153
   Γöé  
   Γöé Caused by:
   Γöé PDOException: SQLSTATE[23000]: Integrity constraint violation: 19 NOT NULL constraint failed: members.password
   Γöé
   Γöé C:\Users\Administrator\Documents\Iansoft\myapp2\vendor\laravel\framework\src\Illuminate\Database\Connection.php:570
   Γöé C:\Users\Administrator\Documents\Iansoft\myapp2\vendor\laravel\framework\src\Illuminate\Database\Connection.php:811
   Γöé C:\Users\Administrator\Documents\Iansoft\myapp2\vendor\laravel\framework\src\Illuminate\Database\Connection.php:778
   Γöé C:\Users\Administrator\Documents\Iansoft\myapp2\vendor\laravel\framework\src\Illuminate\Database\Connection.php:559
   Γöé C:\Users\Administrator\Documents\Iansoft\myapp2\vendor\laravel\framework\src\Illuminate\Database\Connection.php:523
   Γöé C:\Users\Administrator\Documents\Iansoft\myapp2\vendor\laravel\framework\src\Illuminate\Database\Query\Processors\Processor.php:32
   Γöé C:\Users\Administrator\Documents\Iansoft\myapp2\vendor\laravel\framework\src\Illuminate\Database\Query\Builder.php:3853
   Γöé C:\Users\Administrator\Documents\Iansoft\myapp2\vendor\laravel\framework\src\Illuminate\Database\Eloquent\Builder.php:2235
   Γöé C:\Users\Administrator\Documents\Iansoft\myapp2\vendor\laravel\framework\src\Illuminate\Database\Eloquent\Model.php:1436
   Γöé C:\Users\Administrator\Documents\Iansoft\myapp2\vendor\laravel\framework\src\Illuminate\Database\Eloquent\Model.php:1401
   Γöé C:\Users\Administrator\Documents\Iansoft\myapp2\vendor\laravel\framework\src\Illuminate\Database\Eloquent\Model.php:1240
   Γöé C:\Users\Administrator\Documents\Iansoft\myapp2\vendor\laravel\framework\src\Illuminate\Database\Eloquent\Factories\Factory.php:370
   Γöé C:\Users\Administrator\Documents\Iansoft\myapp2\vendor\laravel\framework\src\Illuminate\Collections\Traits\EnumeratesValues.php:271
   Γöé C:\Users\Administrator\Documents\Iansoft\myapp2\vendor\laravel\framework\src\Illuminate\Database\Eloquent\Factories\Factory.php:365
   Γöé C:\Users\Administrator\Documents\Iansoft\myapp2\vendor\laravel\framework\src\Illuminate\Database\Eloquent\Factories\Factory.php:321
   Γöé C:\Users\Administrator\Documents\Iansoft\myapp2\tests\Feature\LoanTest.php:153
   Γöé
 Γ£ÿ Loan has correct enum status values
   Γöé
   Γöé Illuminate\Database\QueryException: SQLSTATE[23000]: Integrity constraint violation: 19 NOT NULL constraint failed: members.password (Connection: sqlite, SQL: insert into "members" ("name", "email", "phone", "id_number", "date_of_birth", "address", "membership_date", "status", "updated_at", "created_at") values (Marc D'Amore, santino.beier@example.net, +1-508-320-9554, 94972862, 1999-12-22, 633 Nasir Green
   Γöé Emileport, RI 99836-2130, 1987-02-28, inactive, 2025-12-04 09:33:34, 2025-12-04 09:33:34))
   Γöé
   Γöé C:\Users\Administrator\Documents\Iansoft\myapp2\vendor\laravel\framework\src\Illuminate\Database\Connection.php:824
   Γöé C:\Users\Administrator\Documents\Iansoft\myapp2\vendor\laravel\framework\src\Illuminate\Database\Connection.php:778
   Γöé C:\Users\Administrator\Documents\Iansoft\myapp2\vendor\laravel\framework\src\Illuminate\Database\Connection.php:559
   Γöé C:\Users\Administrator\Documents\Iansoft\myapp2\vendor\laravel\framework\src\Illuminate\Database\Connection.php:523
   Γöé C:\Users\Administrator\Documents\Iansoft\myapp2\vendor\laravel\framework\src\Illuminate\Database\Query\Processors\Processor.php:32
   Γöé C:\Users\Administrator\Documents\Iansoft\myapp2\vendor\laravel\framework\src\Illuminate\Database\Query\Builder.php:3853
   Γöé C:\Users\Administrator\Documents\Iansoft\myapp2\vendor\laravel\framework\src\Illuminate\Database\Eloquent\Builder.php:2235
   Γöé C:\Users\Administrator\Documents\Iansoft\myapp2\vendor\laravel\framework\src\Illuminate\Database\Eloquent\Model.php:1436
   Γöé C:\Users\Administrator\Documents\Iansoft\myapp2\vendor\laravel\framework\src\Illuminate\Database\Eloquent\Model.php:1401
   Γöé C:\Users\Administrator\Documents\Iansoft\myapp2\vendor\laravel\framework\src\Illuminate\Database\Eloquent\Model.php:1240
   Γöé C:\Users\Administrator\Documents\Iansoft\myapp2\vendor\laravel\framework\src\Illuminate\Database\Eloquent\Factories\Factory.php:370
   Γöé C:\Users\Administrator\Documents\Iansoft\myapp2\vendor\laravel\framework\src\Illuminate\Collections\Traits\EnumeratesValues.php:271
   Γöé C:\Users\Administrator\Documents\Iansoft\myapp2\vendor\laravel\framework\src\Illuminate\Database\Eloquent\Factories\Factory.php:365
   Γöé C:\Users\Administrator\Documents\Iansoft\myapp2\vendor\laravel\framework\src\Illuminate\Database\Eloquent\Factories\Factory.php:321
   Γöé C:\Users\Administrator\Documents\Iansoft\myapp2\tests\Feature\LoanTest.php:180
   Γöé  
   Γöé Caused by:
   Γöé PDOException: SQLSTATE[23000]: Integrity constraint violation: 19 NOT NULL constraint failed: members.password
   Γöé
   Γöé C:\Users\Administrator\Documents\Iansoft\myapp2\vendor\laravel\framework\src\Illuminate\Database\Connection.php:570
   Γöé C:\Users\Administrator\Documents\Iansoft\myapp2\vendor\laravel\framework\src\Illuminate\Database\Connection.php:811
   Γöé C:\Users\Administrator\Documents\Iansoft\myapp2\vendor\laravel\framework\src\Illuminate\Database\Connection.php:778
   Γöé C:\Users\Administrator\Documents\Iansoft\myapp2\vendor\laravel\framework\src\Illuminate\Database\Connection.php:559
   Γöé C:\Users\Administrator\Documents\Iansoft\myapp2\vendor\laravel\framework\src\Illuminate\Database\Connection.php:523
   Γöé C:\Users\Administrator\Documents\Iansoft\myapp2\vendor\laravel\framework\src\Illuminate\Database\Query\Processors\Processor.php:32
   Γöé C:\Users\Administrator\Documents\Iansoft\myapp2\vendor\laravel\framework\src\Illuminate\Database\Query\Builder.php:3853
   Γöé C:\Users\Administrator\Documents\Iansoft\myapp2\vendor\laravel\framework\src\Illuminate\Database\Eloquent\Builder.php:2235
   Γöé C:\Users\Administrator\Documents\Iansoft\myapp2\vendor\laravel\framework\src\Illuminate\Database\Eloquent\Model.php:1436
   Γöé C:\Users\Administrator\Documents\Iansoft\myapp2\vendor\laravel\framework\src\Illuminate\Database\Eloquent\Model.php:1401
   Γöé C:\Users\Administrator\Documents\Iansoft\myapp2\vendor\laravel\framework\src\Illuminate\Database\Eloquent\Model.php:1240
   Γöé C:\Users\Administrator\Documents\Iansoft\myapp2\vendor\laravel\framework\src\Illuminate\Database\Eloquent\Factories\Factory.php:370
   Γöé C:\Users\Administrator\Documents\Iansoft\myapp2\vendor\laravel\framework\src\Illuminate\Collections\Traits\EnumeratesValues.php:271
   Γöé C:\Users\Administrator\Documents\Iansoft\myapp2\vendor\laravel\framework\src\Illuminate\Database\Eloquent\Factories\Factory.php:365
   Γöé C:\Users\Administrator\Documents\Iansoft\myapp2\vendor\laravel\framework\src\Illuminate\Database\Eloquent\Factories\Factory.php:321
   Γöé C:\Users\Administrator\Documents\Iansoft\myapp2\tests\Feature\LoanTest.php:180
   Γöé
 Γ£ÿ Paid loan has zero balance
   Γöé
   Γöé Illuminate\Database\QueryException: SQLSTATE[23000]: Integrity constraint violation: 19 NOT NULL constraint failed: members.password (Connection: sqlite, SQL: insert into "members" ("name", "email", "phone", "id_number", "date_of_birth", "address", "membership_date", "status", "updated_at", "created_at") values (Ruthie Block, augusta67@example.com, 1-207-810-0900, 78828133, 2006-03-20, 71614 Wintheiser Lock
   Γöé Handstad, NC 40808, 1985-01-23, inactive, 2025-12-04 09:33:34, 2025-12-04 09:33:34))
   Γöé
   Γöé C:\Users\Administrator\Documents\Iansoft\myapp2\vendor\laravel\framework\src\Illuminate\Database\Connection.php:824
   Γöé C:\Users\Administrator\Documents\Iansoft\myapp2\vendor\laravel\framework\src\Illuminate\Database\Connection.php:778
   Γöé C:\Users\Administrator\Documents\Iansoft\myapp2\vendor\laravel\framework\src\Illuminate\Database\Connection.php:559
   Γöé C:\Users\Administrator\Documents\Iansoft\myapp2\vendor\laravel\framework\src\Illuminate\Database\Connection.php:523
   Γöé C:\Users\Administrator\Documents\Iansoft\myapp2\vendor\laravel\framework\src\Illuminate\Database\Query\Processors\Processor.php:32
   Γöé C:\Users\Administrator\Documents\Iansoft\myapp2\vendor\laravel\framework\src\Illuminate\Database\Query\Builder.php:3853
   Γöé C:\Users\Administrator\Documents\Iansoft\myapp2\vendor\laravel\framework\src\Illuminate\Database\Eloquent\Builder.php:2235
   Γöé C:\Users\Administrator\Documents\Iansoft\myapp2\vendor\laravel\framework\src\Illuminate\Database\Eloquent\Model.php:1436
   Γöé C:\Users\Administrator\Documents\Iansoft\myapp2\vendor\laravel\framework\src\Illuminate\Database\Eloquent\Model.php:1401
   Γöé C:\Users\Administrator\Documents\Iansoft\myapp2\vendor\laravel\framework\src\Illuminate\Database\Eloquent\Model.php:1240
   Γöé C:\Users\Administrator\Documents\Iansoft\myapp2\vendor\laravel\framework\src\Illuminate\Database\Eloquent\Factories\Factory.php:370
   Γöé C:\Users\Administrator\Documents\Iansoft\myapp2\vendor\laravel\framework\src\Illuminate\Collections\Traits\EnumeratesValues.php:271
   Γöé C:\Users\Administrator\Documents\Iansoft\myapp2\vendor\laravel\framework\src\Illuminate\Database\Eloquent\Factories\Factory.php:365
   Γöé C:\Users\Administrator\Documents\Iansoft\myapp2\vendor\laravel\framework\src\Illuminate\Database\Eloquent\Factories\Factory.php:321
   Γöé C:\Users\Administrator\Documents\Iansoft\myapp2\tests\Feature\LoanTest.php:203
   Γöé  
   Γöé Caused by:
   Γöé PDOException: SQLSTATE[23000]: Integrity constraint violation: 19 NOT NULL constraint failed: members.password
   Γöé
   Γöé C:\Users\Administrator\Documents\Iansoft\myapp2\vendor\laravel\framework\src\Illuminate\Database\Connection.php:570
   Γöé C:\Users\Administrator\Documents\Iansoft\myapp2\vendor\laravel\framework\src\Illuminate\Database\Connection.php:811
   Γöé C:\Users\Administrator\Documents\Iansoft\myapp2\vendor\laravel\framework\src\Illuminate\Database\Connection.php:778
   Γöé C:\Users\Administrator\Documents\Iansoft\myapp2\vendor\laravel\framework\src\Illuminate\Database\Connection.php:559
   Γöé C:\Users\Administrator\Documents\Iansoft\myapp2\vendor\laravel\framework\src\Illuminate\Database\Connection.php:523
   Γöé C:\Users\Administrator\Documents\Iansoft\myapp2\vendor\laravel\framework\src\Illuminate\Database\Query\Processors\Processor.php:32
   Γöé C:\Users\Administrator\Documents\Iansoft\myapp2\vendor\laravel\framework\src\Illuminate\Database\Query\Builder.php:3853
   Γöé C:\Users\Administrator\Documents\Iansoft\myapp2\vendor\laravel\framework\src\Illuminate\Database\Eloquent\Builder.php:2235
   Γöé C:\Users\Administrator\Documents\Iansoft\myapp2\vendor\laravel\framework\src\Illuminate\Database\Eloquent\Model.php:1436
   Γöé C:\Users\Administrator\Documents\Iansoft\myapp2\vendor\laravel\framework\src\Illuminate\Database\Eloquent\Model.php:1401
   Γöé C:\Users\Administrator\Documents\Iansoft\myapp2\vendor\laravel\framework\src\Illuminate\Database\Eloquent\Model.php:1240
   Γöé C:\Users\Administrator\Documents\Iansoft\myapp2\vendor\laravel\framework\src\Illuminate\Database\Eloquent\Factories\Factory.php:370
   Γöé C:\Users\Administrator\Documents\Iansoft\myapp2\vendor\laravel\framework\src\Illuminate\Collections\Traits\EnumeratesValues.php:271
   Γöé C:\Users\Administrator\Documents\Iansoft\myapp2\vendor\laravel\framework\src\Illuminate\Database\Eloquent\Factories\Factory.php:365
   Γöé C:\Users\Administrator\Documents\Iansoft\myapp2\vendor\laravel\framework\src\Illuminate\Database\Eloquent\Factories\Factory.php:321
   Γöé C:\Users\Administrator\Documents\Iansoft\myapp2\tests\Feature\LoanTest.php:203
   Γöé
 Γ£ÿ Loan belongs to member
   Γöé
   Γöé Illuminate\Database\QueryException: SQLSTATE[23000]: Integrity constraint violation: 19 NOT NULL constraint failed: members.password (Connection: sqlite, SQL: insert into "members" ("name", "email", "phone", "id_number", "date_of_birth", "address", "membership_date", "status", "updated_at", "created_at") values (Marcia Hand, dietrich.eulalia@example.net, 559.632.9030, 87357354, 2000-01-15, 49580 Mills Crest
   Γöé Betteland, MN 35687, 1988-04-15, active, 2025-12-04 09:33:34, 2025-12-04 09:33:34))
   Γöé
   Γöé C:\Users\Administrator\Documents\Iansoft\myapp2\vendor\laravel\framework\src\Illuminate\Database\Connection.php:824
   Γöé C:\Users\Administrator\Documents\Iansoft\myapp2\vendor\laravel\framework\src\Illuminate\Database\Connection.php:778
   Γöé C:\Users\Administrator\Documents\Iansoft\myapp2\vendor\laravel\framework\src\Illuminate\Database\Connection.php:559
   Γöé C:\Users\Administrator\Documents\Iansoft\myapp2\vendor\laravel\framework\src\Illuminate\Database\Connection.php:523
   Γöé C:\Users\Administrator\Documents\Iansoft\myapp2\vendor\laravel\framework\src\Illuminate\Database\Query\Processors\Processor.php:32
   Γöé C:\Users\Administrator\Documents\Iansoft\myapp2\vendor\laravel\framework\src\Illuminate\Database\Query\Builder.php:3853
   Γöé C:\Users\Administrator\Documents\Iansoft\myapp2\vendor\laravel\framework\src\Illuminate\Database\Eloquent\Builder.php:2235
   Γöé C:\Users\Administrator\Documents\Iansoft\myapp2\vendor\laravel\framework\src\Illuminate\Database\Eloquent\Model.php:1436
   Γöé C:\Users\Administrator\Documents\Iansoft\myapp2\vendor\laravel\framework\src\Illuminate\Database\Eloquent\Model.php:1401
   Γöé C:\Users\Administrator\Documents\Iansoft\myapp2\vendor\laravel\framework\src\Illuminate\Database\Eloquent\Model.php:1240
   Γöé C:\Users\Administrator\Documents\Iansoft\myapp2\vendor\laravel\framework\src\Illuminate\Database\Eloquent\Factories\Factory.php:370
   Γöé C:\Users\Administrator\Documents\Iansoft\myapp2\vendor\laravel\framework\src\Illuminate\Collections\Traits\EnumeratesValues.php:271
   Γöé C:\Users\Administrator\Documents\Iansoft\myapp2\vendor\laravel\framework\src\Illuminate\Database\Eloquent\Factories\Factory.php:365
   Γöé C:\Users\Administrator\Documents\Iansoft\myapp2\vendor\laravel\framework\src\Illuminate\Database\Eloquent\Factories\Factory.php:321
   Γöé C:\Users\Administrator\Documents\Iansoft\myapp2\tests\Feature\LoanTest.php:223
   Γöé  
   Γöé Caused by:
   Γöé PDOException: SQLSTATE[23000]: Integrity constraint violation: 19 NOT NULL constraint failed: members.password
   Γöé
   Γöé C:\Users\Administrator\Documents\Iansoft\myapp2\vendor\laravel\framework\src\Illuminate\Database\Connection.php:570
   Γöé C:\Users\Administrator\Documents\Iansoft\myapp2\vendor\laravel\framework\src\Illuminate\Database\Connection.php:811
   Γöé C:\Users\Administrator\Documents\Iansoft\myapp2\vendor\laravel\framework\src\Illuminate\Database\Connection.php:778
   Γöé C:\Users\Administrator\Documents\Iansoft\myapp2\vendor\laravel\framework\src\Illuminate\Database\Connection.php:559
   Γöé C:\Users\Administrator\Documents\Iansoft\myapp2\vendor\laravel\framework\src\Illuminate\Database\Connection.php:523
   Γöé C:\Users\Administrator\Documents\Iansoft\myapp2\vendor\laravel\framework\src\Illuminate\Database\Query\Processors\Processor.php:32
   Γöé C:\Users\Administrator\Documents\Iansoft\myapp2\vendor\laravel\framework\src\Illuminate\Database\Query\Builder.php:3853
   Γöé C:\Users\Administrator\Documents\Iansoft\myapp2\vendor\laravel\framework\src\Illuminate\Database\Eloquent\Builder.php:2235
   Γöé C:\Users\Administrator\Documents\Iansoft\myapp2\vendor\laravel\framework\src\Illuminate\Database\Eloquent\Model.php:1436
   Γöé C:\Users\Administrator\Documents\Iansoft\myapp2\vendor\laravel\framework\src\Illuminate\Database\Eloquent\Model.php:1401
   Γöé C:\Users\Administrator\Documents\Iansoft\myapp2\vendor\laravel\framework\src\Illuminate\Database\Eloquent\Model.php:1240
   Γöé C:\Users\Administrator\Documents\Iansoft\myapp2\vendor\laravel\framework\src\Illuminate\Database\Eloquent\Factories\Factory.php:370
   Γöé C:\Users\Administrator\Documents\Iansoft\myapp2\vendor\laravel\framework\src\Illuminate\Collections\Traits\EnumeratesValues.php:271
   Γöé C:\Users\Administrator\Documents\Iansoft\myapp2\vendor\laravel\framework\src\Illuminate\Database\Eloquent\Factories\Factory.php:365
   Γöé C:\Users\Administrator\Documents\Iansoft\myapp2\vendor\laravel\framework\src\Illuminate\Database\Eloquent\Factories\Factory.php:321
   Γöé C:\Users\Administrator\Documents\Iansoft\myapp2\tests\Feature\LoanTest.php:223
   Γöé

ERRORS!
Tests: 10, Assertions: 0, Errors: 10, PHPUnit Deprecations: 10.
